Archive member included to satisfy reference by file (symbol)

../app/libapp.a(main.c.obj)   (--whole-archive)
../app/libapp.a(gpio_get.c.obj)
                              (--whole-archive)
libzephyr.a(heap.c.obj)       (--whole-archive)
libzephyr.a(cbprintf_packaged.c.obj)
                              (--whole-archive)
libzephyr.a(printk.c.obj)     (--whole-archive)
libzephyr.a(sem.c.obj)        (--whole-archive)
libzephyr.a(thread_entry.c.obj)
                              (--whole-archive)
libzephyr.a(cbprintf_complete.c.obj)
                              (--whole-archive)
libzephyr.a(assert.c.obj)     (--whole-archive)
libzephyr.a(dec.c.obj)        (--whole-archive)
libzephyr.a(hex.c.obj)        (--whole-archive)
libzephyr.a(rb.c.obj)         (--whole-archive)
libzephyr.a(timeutil.c.obj)   (--whole-archive)
libzephyr.a(bitarray.c.obj)   (--whole-archive)
libzephyr.a(configs.c.obj)    (--whole-archive)
libzephyr.a(esp_heap_runtime.c.obj)
                              (--whole-archive)
libzephyr.a(soc.c.obj)        (--whole-archive)
libzephyr.a(soc_cache.c.obj)  (--whole-archive)
libzephyr.a(esp32s3-mp.c.obj)
                              (--whole-archive)
libzephyr.a(loader.c.obj)     (--whole-archive)
libzephyr.a(tracing_none.c.obj)
                              (--whole-archive)
libzephyr.a(flash_encrypt.c.obj)
                              (--whole-archive)
libzephyr.a(esp_gpio_reserve.c.obj)
                              (--whole-archive)
libzephyr.a(spi_flash_encrypt_hal_iram.c.obj)
                              (--whole-archive)
libzephyr.a(spi_flash_hal.c.obj)
                              (--whole-archive)
libzephyr.a(spi_flash_hal_iram.c.obj)
                              (--whole-archive)
libzephyr.a(spi_flash_hal_gpspi.c.obj)
                              (--whole-archive)
libzephyr.a(spi_flash_oct_flash_init.c.obj)
                              (--whole-archive)
libzephyr.a(esp_flash_api.c.obj)
                              (--whole-archive)
libzephyr.a(esp_flash_spi_init.c.obj)
                              (--whole-archive)
libzephyr.a(flash_mmap.c.obj)
                              (--whole-archive)
libzephyr.a(flash_ops.c.obj)  (--whole-archive)
libzephyr.a(memspi_host_driver.c.obj)
                              (--whole-archive)
libzephyr.a(spi_flash_chip_boya.c.obj)
                              (--whole-archive)
libzephyr.a(spi_flash_chip_drivers.c.obj)
                              (--whole-archive)
libzephyr.a(spi_flash_chip_gd.c.obj)
                              (--whole-archive)
libzephyr.a(spi_flash_chip_generic.c.obj)
                              (--whole-archive)
libzephyr.a(spi_flash_chip_issi.c.obj)
                              (--whole-archive)
libzephyr.a(spi_flash_chip_mxic.c.obj)
                              (--whole-archive)
libzephyr.a(spi_flash_chip_mxic_opi.c.obj)
                              (--whole-archive)
libzephyr.a(spi_flash_chip_th.c.obj)
                              (--whole-archive)
libzephyr.a(spi_flash_chip_winbond.c.obj)
                              (--whole-archive)
libzephyr.a(spi_flash_hpm_enable.c.obj)
                              (--whole-archive)
libzephyr.a(spi_flash_os_func_noos.c.obj)
                              (--whole-archive)
libzephyr.a(spi_flash_os_func_app.c.obj)
                              (--whole-archive)
libzephyr.a(spi_flash_wrap.c.obj)
                              (--whole-archive)
libzephyr.a(uart_hal.c.obj)   (--whole-archive)
libzephyr.a(uart_hal_iram.c.obj)
                              (--whole-archive)
libzephyr.a(bootloader_mem.c.obj)
                              (--whole-archive)
libzephyr.a(bootloader_clock_init.c.obj)
                              (--whole-archive)
libzephyr.a(bootloader_console.c.obj)
                              (--whole-archive)
libzephyr.a(mpu_hal.c.obj)    (--whole-archive)
libzephyr.a(bootloader_esp32s3.c.obj)
                              (--whole-archive)
libzephyr.a(bootloader_init.c.obj)
                              (--whole-archive)
libzephyr.a(bootloader_common_loader.c.obj)
                              (--whole-archive)
libzephyr.a(flash_qio_mode.c.obj)
                              (--whole-archive)
libzephyr.a(bootloader_flash_config_esp32s3.c.obj)
                              (--whole-archive)
libzephyr.a(gpio_periph.c.obj)
                              (--whole-archive)
libzephyr.a(rtc_io_periph.c.obj)
                              (--whole-archive)
libzephyr.a(bootloader_flash.c.obj)
                              (--whole-archive)
libzephyr.a(bootloader_random_esp32s3.c.obj)
                              (--whole-archive)
libzephyr.a(bootloader_soc.c.obj)
                              (--whole-archive)
libzephyr.a(cpu.c.obj)        (--whole-archive)
libzephyr.a(clk_ctrl_os.c.obj)
                              (--whole-archive)
libzephyr.a(esp_clk.c.obj)    (--whole-archive)
libzephyr.a(regi2c_ctrl.c.obj)
                              (--whole-archive)
[...]
Memory Configuration

Name             Origin             Length             Attributes
FLASH            0x0000000000000000 0x00000000007fff00 r
iram0_0_seg      0x0000000040374000 0x0000000000052400 xr
dram0_0_seg      0x000000003fc88000 0x000000000004e400 rw
irom0_0_seg      0x0000000042000000 0x0000000000800000 xr
drom0_0_seg      0x000000003c000000 0x0000000000800000 r
rtc_iram_seg     0x00000000600fe000 0x0000000000002000 xrw
rtc_data_seg     0x00000000600fe000 0x0000000000002000 rw
rtc_slow_seg     0x0000000050000000 0x0000000000002000 rw
IDT_LIST         0x000000003ebfe010 0x0000000000002000 rw
*default*        0x0000000000000000 0xffffffffffffffff

Linker script and memory map

                0x0000000042003158                vfprintf = __l_vfprintf
                0x0000000000000000                vfscanf = __l_vfscanf
LOAD CMakeFiles/zephyr_final.dir/misc/empty_file.c.obj
LOAD CMakeFiles/zephyr_final.dir/isr_tables.c.obj
LOAD CMakeFiles/offsets.dir/arch/xtensa/core/offsets/offsets.c.obj
LOAD ../app/libapp.a
LOAD libzephyr.a
LOAD arch/common/libarch__common.a
LOAD arch/arch/xtensa/core/libarch__xtensa__core.a
LOAD lib/libc/picolibc/liblib__libc__picolibc.a
LOAD lib/libc/common/liblib__libc__common.a
LOAD drivers/interrupt_controller/libdrivers__interrupt_controller.a
LOAD drivers/clock_control/libdrivers__clock_control.a
LOAD drivers/console/libdrivers__console.a
LOAD drivers/gpio/libdrivers__gpio.a
LOAD drivers/pinctrl/libdrivers__pinctrl.a
LOAD drivers/serial/libdrivers__serial.a
LOAD drivers/timer/libdrivers__timer.a
LOAD kernel/libkernel.a
LOAD arch/common/libisr_tables.a
LOAD /opt/toolchains/zephyr-sdk-0.16.8/xtensa-espressif_esp32s3_zephyr-elf/bin/../lib/gcc/xtensa-espressif_esp32s3_zephyr-elf/12.2.0/libgcc.a
LOAD /opt/toolchains/zephyr-sdk-0.16.8/xtensa-espressif_esp32s3_zephyr-elf/bin/../lib/gcc/../../picolibc/xtensa-espressif_esp32s3_zephyr-elf/lib/libc.a
LOAD /opt/toolchains/zephyr-sdk-0.16.8/xtensa-espressif_esp32s3_zephyr-elf/bin/../lib/gcc/xtensa-espressif_esp32s3_zephyr-elf/12.2.0/libgcc.a
                0x00000000403c7e00                user_iram_end = 0x403c7e00
                0x000000003fc88000                user_dram_seg_org = 0x3fc88000
                0x0000000040374000                user_iram_seg_org = 0x40374000
                0x000000003fcd6400                user_dram_end = 0x3fcd6400
                0x000000000004e400                user_idram_size = (user_dram_end - 0x3fc88000)
                0x0000000000004000                sram0_iram_size = 0x4000
                0x0000000000052400                user_iram_seg_len = (user_idram_size + sram0_iram_size)
                0x000000000004e400                user_dram_seg_len = user_idram_size
                0x000000003fce9704                _heap_sentry = 0x3fce9704
                0x00000000006f0000                _iram_dram_offset = 0x6f0000

.rel.plt        0x0000000000000000        0x0
 *(SORT_BY_ALIGNMENT(.rel.plt))
                [!provide]                        PROVIDE (__rel_iplt_start = .)
 *(SORT_BY_ALIGNMENT(.rel.iplt))
                [!provide]                        PROVIDE (__rel_iplt_end = .)

.rela.plt       0x0000000000000000        0x0
 *(SORT_BY_ALIGNMENT(.rela.plt))
                [!provide]                        PROVIDE (__rela_iplt_start = .)
 *(SORT_BY_ALIGNMENT(.rela.iplt))
                [!provide]                        PROVIDE (__rela_iplt_end = .)

.rel.dyn
 *(SORT_BY_ALIGNMENT(.rel.*))

.rela.dyn
 *(SORT_BY_ALIGNMENT(.rela.*))

.rtc.text       0x00000000600fe000        0x0 load address 0x0000000000000000
                0x00000000600fe000                . = ALIGN (0x4)
                0x00000000600fe000                _rtc_fast_start = ABSOLUTE (.)
                0x00000000600fe000                _rtc_text_start = ABSOLUTE (.)
 *(SORT_BY_ALIGNMENT(.rtc.literal) SORT_BY_ALIGNMENT(.rtc.text))
 *(SORT_BY_ALIGNMENT(.rtc.entry.text))
                0x00000000600fe000                _rtc_text_end = ABSOLUTE (.)

.rtc.force_fast
                0x00000000600fe000        0x0 load address 0x0000000000000000
                0x00000000600fe000                . = ALIGN (0x4)
                0x00000000600fe000                _rtc_force_fast_start = ABSOLUTE (.)
 *(SORT_BY_ALIGNMENT(.rtc.force_fast) SORT_BY_ALIGNMENT(.rtc.force_fast.*))
                0x00000000600fe000                . = ALIGN (0x4)
                0x00000000600fe000                _rtc_force_fast_end = ABSOLUTE (.)

.rtc.data       0x0000000050000000        0x0 load address 0x0000000000000000
                0x0000000050000000                _rtc_data_start = ABSOLUTE (.)
 *(SORT_BY_ALIGNMENT(.rtc.data))
 *(SORT_BY_ALIGNMENT(.rtc.rodata))
                0x0000000050000000                _rtc_data_end = ABSOLUTE (.)

.rtc.bss        0x0000000050000000        0x0 load address 0x0000000000000000
                0x0000000050000000                _rtc_bss_start = ABSOLUTE (.)
 *(SORT_BY_ALIGNMENT(.rtc.data))
 *(SORT_BY_ALIGNMENT(.rtc.rodata))
                0x0000000050000000                _rtc_bss_end = ABSOLUTE (.)

.rtc_noinit     0x0000000050000000        0x0 load address 0x0000000000000000
                0x0000000050000000                . = ALIGN (0x4)
                0x0000000050000000                _rtc_noinit_start = ABSOLUTE (.)
 *(SORT_BY_ALIGNMENT(.rtc_noinit) SORT_BY_ALIGNMENT(.rtc_noinit.*))
                0x0000000050000000                . = ALIGN (0x4)
                0x0000000050000000                _rtc_noinit_end = ABSOLUTE (.)

.rtc.force_slow
                0x0000000050000000        0x0 load address 0x0000000000000000
                0x0000000050000000                . = ALIGN (0x4)
                0x0000000050000000                _rtc_force_slow_start = ABSOLUTE (.)
 *(SORT_BY_ALIGNMENT(.rtc.force_slow) SORT_BY_ALIGNMENT(.rtc.force_slow.*))
                0x0000000050000000                . = ALIGN (0x4)
                0x0000000050000000                _rtc_force_slow_end = ABSOLUTE (.)
                0x0000000000000000                _rtc_slow_length = (_rtc_force_slow_end - _rtc_data_start)
                0x0000000000000000                _rtc_fast_length = (_rtc_force_fast_end - _rtc_fast_start)
                0x0000000000000001                ASSERT ((_rtc_slow_length <= LENGTH (rtc_slow_seg)), RTC_SLOW segment data does not fit.)
                0x0000000000000001                ASSERT ((_rtc_fast_length <= LENGTH (rtc_data_seg)), RTC_FAST segment data does not fit.)

.iram0.vectors  0x0000000040374000      0x400 load address 0x0000000000000000
                0x0000000040374000                _iram_start = ABSOLUTE (.)
                0x0000000040374000                _init_start = ABSOLUTE (.)
                0x0000000000000000                . = 0x0
 *(SORT_BY_ALIGNMENT(.WindowVectors.text))
 .WindowVectors.text
                0x0000000040374000      0x16a arch/arch/xtensa/core/libarch__xtensa__core.a(window_vectors.S.obj)
                0x0000000040374000                _WindowOverflow4
                0x0000000040374040                _WindowUnderflow4
                0x0000000040374050                _xt_alloca_exc
                0x0000000040374080                _WindowOverflow8
                0x00000000403740c0                _WindowUnderflow8
                0x0000000040374100                _WindowOverflow12
                0x0000000040374140                _WindowUnderflow12
                0x0000000000000180                . = 0x180
 *fill*         0x000000004037416a       0x16 
 *(SORT_BY_ALIGNMENT(.Level2InterruptVector.text))
 .Level2InterruptVector.text
                0x0000000040374180       0x29 arch/arch/xtensa/core/libarch__xtensa__core.a(xtensa_asm2_util.S.obj)
                0x0000000040374180                _Level2Vector
                0x00000000000001c0                . = 0x1c0
 *fill*         0x00000000403741a9       0x17 
 *(SORT_BY_ALIGNMENT(.Level3InterruptVector.text))
 .Level3InterruptVector.text
                0x00000000403741c0       0x25 arch/arch/xtensa/core/libarch__xtensa__core.a(xtensa_asm2_util.S.obj)
                                         0x29 (size before relaxing)
                0x00000000403741c0                _Level3Vector
                0x0000000000000200                . = 0x200
 *fill*         0x00000000403741e5       0x1b 
 *(SORT_BY_ALIGNMENT(.Level4InterruptVector.text))
 .Level4InterruptVector.text
                0x0000000040374200       0x25 arch/arch/xtensa/core/libarch__xtensa__core.a(xtensa_asm2_util.S.obj)
                                         0x29 (size before relaxing)
                0x0000000040374200                _Level4Vector
                0x0000000000000240                . = 0x240
 *fill*         0x0000000040374225       0x1b 
 *(SORT_BY_ALIGNMENT(.Level5InterruptVector.text))
 .Level5InterruptVector.text
                0x0000000040374240       0x25 arch/arch/xtensa/core/libarch__xtensa__core.a(xtensa_asm2_util.S.obj)
                                         0x29 (size before relaxing)
                0x0000000040374240                _Level5Vector
                0x0000000000000280                . = 0x280
 *fill*         0x0000000040374265       0x1b 
 *(SORT_BY_ALIGNMENT(.DebugExceptionVector.text))
 .DebugExceptionVector.text
                0x0000000040374280       0x25 arch/arch/xtensa/core/libarch__xtensa__core.a(xtensa_asm2_util.S.obj)
                                         0x29 (size before relaxing)
                0x0000000040374280                _Level6Vector
                0x00000000000002c0                . = 0x2c0
 *fill*         0x00000000403742a5       0x1b 
 *(SORT_BY_ALIGNMENT(.NMIExceptionVector.text))
 .NMIExceptionVector.text
                0x00000000403742c0       0x25 arch/arch/xtensa/core/libarch__xtensa__core.a(xtensa_asm2_util.S.obj)
                                         0x29 (size before relaxing)
                0x00000000403742c0                _Level7Vector
                0x0000000000000300                . = 0x300
 *fill*         0x00000000403742e5       0x1b 
 *(SORT_BY_ALIGNMENT(.KernelExceptionVector.text))
 .KernelExceptionVector.text
                0x0000000040374300        0x3 arch/arch/xtensa/core/libarch__xtensa__core.a(xtensa_asm2_util.S.obj)
                0x0000000040374300                _KernelExceptionVector
                0x0000000000000340                . = 0x340
 *fill*         0x0000000040374303       0x3d 
 *(SORT_BY_ALIGNMENT(.UserExceptionVector.text))
 .UserExceptionVector.text
                0x0000000040374340       0x16 arch/arch/xtensa/core/libarch__xtensa__core.a(xtensa_asm2_util.S.obj)
                0x0000000040374340                _Level1RealVector
                0x00000000000003c0                . = 0x3c0
 *fill*         0x0000000040374356       0x6a 
 *(SORT_BY_ALIGNMENT(.DoubleExceptionVector.text))
 .DoubleExceptionVector.text
                0x00000000403743c0        0x3 arch/arch/xtensa/core/libarch__xtensa__core.a(xtensa_asm2_util.S.obj)
                0x00000000403743c0                _DoubleExceptionVector
                0x0000000000000400                . = 0x400
 *fill*         0x00000000403743c3       0x3d 
                0x0000000040374400                _invalid_pc_placeholder = ABSOLUTE (.)
 *(SORT_BY_ALIGNMENT(.*Vector.literal))
 *(SORT_BY_ALIGNMENT(.UserEnter.literal))
 *(SORT_BY_ALIGNMENT(.UserEnter.text))
                0x0000000040374400                . = ALIGN (0x10)
 *(SORT_BY_ALIGNMENT(.entry.text))
 *(SORT_BY_ALIGNMENT(.init.literal))
 *(.init)
                0x0000000040374400                _init_end = ABSOLUTE (.)

.iram0.text     0x0000000040374400     0x88c8 load address 0x0000000000000400
                0x0000000040374400                _iram_text_start = ABSOLUTE (.)
 *(SORT_BY_ALIGNMENT(.iram1) SORT_BY_ALIGNMENT(.iram1.*))
 .iram1.1.literal
                0x0000000040374400       0x1c libzephyr.a(soc.c.obj)
                                         0x4c (size before relaxing)
 .iram1.2.literal
                0x000000004037441c        0x4 libzephyr.a(soc.c.obj)
                                          0x8 (size before relaxing)
 .iram1.0.literal
                0x0000000040374420        0x4 libzephyr.a(soc_cache.c.obj)
                                          0x8 (size before relaxing)
 .iram1.1.literal
                0x0000000040374424       0x24 libzephyr.a(soc_cache.c.obj)
 .iram1.0.literal
                0x0000000040374448        0x0 libzephyr.a(flash_encrypt.c.obj)
                                          0x4 (size before relaxing)
 .iram1.5.literal
                0x0000000040374448        0x8 libzephyr.a(esp_flash_api.c.obj)
 .iram1.6.literal
                0x0000000040374450        0x4 libzephyr.a(esp_flash_api.c.obj)
 .iram1.10.literal
                0x0000000040374454        0x0 libzephyr.a(esp_flash_api.c.obj)
                                          0x8 (size before relaxing)
 .iram1.12.literal
                0x0000000040374454       0x14 libzephyr.a(esp_flash_api.c.obj)
                                         0x1c (size before relaxing)
 .iram1.13.literal
                0x0000000040374468        0x4 libzephyr.a(esp_flash_api.c.obj)
                                          0x8 (size before relaxing)
 .iram1.9.literal
                0x000000004037446c       0x1c libzephyr.a(esp_flash_api.c.obj)
                                         0x58 (size before relaxing)
 .iram1.21.literal
                0x0000000040374488        0xc libzephyr.a(esp_flash_api.c.obj)
                                         0x14 (size before relaxing)
 .iram1.27.literal
                0x0000000040374494        0x8 libzephyr.a(esp_flash_api.c.obj)
                                         0x14 (size before relaxing)
 .iram1.1.literal
                0x000000004037449c        0x0 libzephyr.a(flash_mmap.c.obj)
                                         0x14 (size before relaxing)
 .iram1.2.literal
                0x000000004037449c        0x4 libzephyr.a(flash_ops.c.obj)
 .iram1.5.literal
                0x00000000403744a0        0x0 libzephyr.a(flash_ops.c.obj)
                                         0x10 (size before relaxing)
 .iram1.4.literal
                0x00000000403744a0        0xc libzephyr.a(flash_ops.c.obj)
                                         0x18 (size before relaxing)
 .iram1.3.literal
                0x00000000403744ac        0x4 libzephyr.a(spi_flash_os_func_noos.c.obj)
 .iram1.2.literal
                0x00000000403744b0        0x8 libzephyr.a(spi_flash_os_func_noos.c.obj)
                                          0xc (size before relaxing)
 .iram1.1.literal
                0x00000000403744b8        0x0 libzephyr.a(spi_flash_os_func_noos.c.obj)
                                          0x8 (size before relaxing)
 .iram1.7.literal
                0x00000000403744b8        0x0 libzephyr.a(spi_flash_os_func_app.c.obj)
                                          0x8 (size before relaxing)
 .iram1.4.literal
                0x00000000403744b8        0x4 libzephyr.a(spi_flash_os_func_app.c.obj)
 .iram1.8.literal
                0x00000000403744bc        0x0 libzephyr.a(spi_flash_os_func_app.c.obj)
                                          0x4 (size before relaxing)
 .iram1.6.literal
                0x00000000403744bc        0x0 libzephyr.a(spi_flash_os_func_app.c.obj)
                                          0x4 (size before relaxing)
 .iram1.3.literal
                0x00000000403744bc        0x0 libzephyr.a(spi_flash_os_func_app.c.obj)
                                          0x4 (size before relaxing)
 .iram1.2.literal
                0x00000000403744bc        0x0 libzephyr.a(spi_flash_os_func_app.c.obj)
                                          0x4 (size before relaxing)
 .iram1.5.literal
                0x00000000403744bc        0x8 libzephyr.a(spi_flash_os_func_app.c.obj)
                                         0x10 (size before relaxing)
 .iram1.2.literal
                0x00000000403744c4        0x0 libzephyr.a(flash_qio_mode.c.obj)
                                          0x4 (size before relaxing)
 .iram1.6.literal
                0x00000000403744c4        0x0 libzephyr.a(flash_qio_mode.c.obj)
                                          0x4 (size before relaxing)
 .iram1.0.literal
                0x00000000403744c4        0xc libzephyr.a(bootloader_flash_config_esp32s3.c.obj)
                                         0x10 (size before relaxing)
 .iram1.2.literal
                0x00000000403744d0        0xc libzephyr.a(bootloader_flash_config_esp32s3.c.obj)
 .iram1.4.literal
                0x00000000403744dc        0xc libzephyr.a(bootloader_flash_config_esp32s3.c.obj)
                                         0x20 (size before relaxing)
 .iram1.3.literal
                0x00000000403744e8        0x0 libzephyr.a(bootloader_flash_config_esp32s3.c.obj)
                                          0x8 (size before relaxing)
 .iram1.1.literal
                0x00000000403744e8       0x20 libzephyr.a(bootloader_flash.c.obj)
                                         0x28 (size before relaxing)
 .iram1.2.literal
                0x0000000040374508        0x0 libzephyr.a(bootloader_flash.c.obj)
                                          0x4 (size before relaxing)
 .iram1.0.literal
                0x0000000040374508        0x4 libzephyr.a(bootloader_flash.c.obj)
                                         0x3c (size before relaxing)
 .iram1.3.literal
                0x000000004037450c        0x0 libzephyr.a(bootloader_flash.c.obj)
                                          0x8 (size before relaxing)
 .iram1.4.literal
                0x000000004037450c        0x0 libzephyr.a(bootloader_flash.c.obj)
                                          0x4 (size before relaxing)
 .iram1.7.literal
                0x000000004037450c        0xc libzephyr.a(bootloader_flash.c.obj)
                                         0x44 (size before relaxing)
 .iram1.13.literal
                0x0000000040374518        0x4 libzephyr.a(bootloader_flash.c.obj)
 .iram1.2.literal
                0x000000004037451c       0x10 libzephyr.a(esp_clk.c.obj)
                                         0x14 (size before relaxing)
 .iram1.2.literal
                0x000000004037452c        0x8 libzephyr.a(regi2c_ctrl.c.obj)
 .iram1.3.literal
                0x0000000040374534        0x4 libzephyr.a(regi2c_ctrl.c.obj)
                                          0x8 (size before relaxing)
 .iram1.4.literal
                0x0000000040374538        0x4 libzephyr.a(regi2c_ctrl.c.obj)
                                          0x8 (size before relaxing)
 .iram1.6.literal
                0x000000004037453c        0xc libzephyr.a(rtc_module.c.obj)
                                         0x10 (size before relaxing)
 .iram1.7.literal
                0x0000000040374548        0x0 libzephyr.a(rtc_module.c.obj)
                                          0xc (size before relaxing)
 .iram1.2.literal
                0x0000000040374548        0x0 libzephyr.a(esp_mmu_map.c.obj)
                                          0x4 (size before relaxing)
 .iram1.3.literal
                0x0000000040374548       0x18 libzephyr.a(esp_mmu_map.c.obj)
                                         0x28 (size before relaxing)
 .iram1.4.literal
                0x0000000040374560        0x0 libzephyr.a(esp_mmu_map.c.obj)
                                          0xc (size before relaxing)
 .iram1.1.literal
                0x0000000040374560        0x4 libzephyr.a(esp_mmu_map.c.obj)
 .iram1.1.literal
                0x0000000040374564        0xc libzephyr.a(esp_rom_sys.c.obj)
 .iram1.0.literal
                0x0000000040374570       0x14 libzephyr.a(esp_rom_uart.c.obj)
 .iram1.0.literal
                0x0000000040374584        0x0 libzephyr.a(efuse_hal.c.obj)
                                          0x8 (size before relaxing)
 .iram1.2.literal
                0x0000000040374584        0x0 libzephyr.a(efuse_hal.c.obj)
                                          0x4 (size before relaxing)
 .iram1.0.literal
                0x0000000040374584        0x0 libzephyr.a(efuse_hal.c.obj)
                                          0x4 (size before relaxing)
 .iram1.1.literal
                0x0000000040374584        0x0 libzephyr.a(efuse_hal.c.obj)
                                          0x4 (size before relaxing)
 .iram1.4.literal
                0x0000000040374584        0x8 libzephyr.a(cache_utils.c.obj)
                                         0x1c (size before relaxing)
 .iram1.5.literal
                0x000000004037458c        0x0 libzephyr.a(cache_utils.c.obj)
                                         0x1c (size before relaxing)
 .iram1.1.literal
                0x000000004037458c        0x0 drivers/interrupt_controller/libdrivers__interrupt_controller.a(intc_esp32.c.obj)
                                          0x8 (size before relaxing)
 .iram1.0.literal
                0x000000004037458c        0x4 drivers/interrupt_controller/libdrivers__interrupt_controller.a(intc_esp32.c.obj)
                                          0x8 (size before relaxing)
 .iram1.4.literal
                0x0000000040374590        0x4 drivers/interrupt_controller/libdrivers__interrupt_controller.a(intc_esp32.c.obj)
                                         0x18 (size before relaxing)
 .iram1.5.literal
                0x0000000040374594       0x10 drivers/interrupt_controller/libdrivers__interrupt_controller.a(intc_esp32.c.obj)
                                         0x20 (size before relaxing)
 .iram1.6.literal
                0x00000000403745a4        0x0 drivers/interrupt_controller/libdrivers__interrupt_controller.a(intc_esp32.c.obj)
                                         0x18 (size before relaxing)
 .iram1.0.literal
                0x00000000403745a4        0x4 drivers/gpio/libdrivers__gpio.a(gpio_esp32.c.obj)
 .iram1.1.literal
                0x00000000403745a8        0x8 drivers/gpio/libdrivers__gpio.a(gpio_esp32.c.obj)
                                         0x10 (size before relaxing)
 .literal.arch_cpu_idle
                0x00000000403745b0        0x4 arch/arch/xtensa/core/libarch__xtensa__core.a(cpu_idle.c.obj)
 .literal.xtensa_fatal_error
                0x00000000403745b4        0x0 arch/arch/xtensa/core/libarch__xtensa__core.a(fatal.c.obj)
                                          0x8 (size before relaxing)
 .literal       0x00000000403745b4        0x4 arch/arch/xtensa/core/libarch__xtensa__core.a(xtensa_asm2_util.S.obj)
                                          0x8 (size before relaxing)
 .literal.z_irq_spurious
                0x00000000403745b8        0x0 arch/arch/xtensa/core/libarch__xtensa__core.a(irq_manage.c.obj)
                                          0x4 (size before relaxing)
 .literal.arch_new_thread
                0x00000000403745b8        0xc arch/arch/xtensa/core/libarch__xtensa__core.a(thread.c.obj)
 .literal.return_to
                0x00000000403745c4        0x0 arch/arch/xtensa/core/libarch__xtensa__core.a(vector_handlers.c.obj)
                                          0x8 (size before relaxing)
 .literal.xtensa_is_outside_stack_bounds
                0x00000000403745c4        0x4 arch/arch/xtensa/core/libarch__xtensa__core.a(vector_handlers.c.obj)
                                          0x8 (size before relaxing)
 .literal.xtensa_is_frame_pointer_valid
                0x00000000403745c8        0x0 arch/arch/xtensa/core/libarch__xtensa__core.a(vector_handlers.c.obj)
                                          0x8 (size before relaxing)
 .literal.xtensa_dump_stack
                0x00000000403745c8        0x0 arch/arch/xtensa/core/libarch__xtensa__core.a(vector_handlers.c.obj)
                                          0x4 (size before relaxing)
 .literal.xtensa_int2_c
                0x00000000403745c8        0x4 arch/arch/xtensa/core/libarch__xtensa__core.a(vector_handlers.c.obj)
                                          0x8 (size before relaxing)
 .literal.xtensa_int3_c
                0x00000000403745cc        0x4 arch/arch/xtensa/core/libarch__xtensa__core.a(vector_handlers.c.obj)
                                          0xc (size before relaxing)
 .literal.xtensa_int4_c
                0x00000000403745d0        0x0 arch/arch/xtensa/core/libarch__xtensa__core.a(vector_handlers.c.obj)
                                          0x8 (size before relaxing)
 .literal.xtensa_int5_c
                0x00000000403745d0        0x0 arch/arch/xtensa/core/libarch__xtensa__core.a(vector_handlers.c.obj)
                                          0x8 (size before relaxing)
 .literal.xtensa_int6_c
                0x00000000403745d0        0x0 arch/arch/xtensa/core/libarch__xtensa__core.a(vector_handlers.c.obj)
                                          0x4 (size before relaxing)
 .literal.xtensa_int7_c
                0x00000000403745d0        0x0 arch/arch/xtensa/core/libarch__xtensa__core.a(vector_handlers.c.obj)
                                          0x8 (size before relaxing)
 .literal.xtensa_excint1_c
                0x00000000403745d0        0x8 arch/arch/xtensa/core/libarch__xtensa__core.a(vector_handlers.c.obj)
                                         0x28 (size before relaxing)
 .literal.z_prep_c
                0x00000000403745d8        0x0 arch/arch/xtensa/core/libarch__xtensa__core.a(prep_c.c.obj)
                                          0x8 (size before relaxing)
 .literal.k_sys_fatal_error_handler
                0x00000000403745d8        0x0 kernel/libkernel.a(fatal.c.obj)
                                          0x4 (size before relaxing)
 .literal.z_fatal_error
                0x00000000403745d8        0x0 kernel/libkernel.a(fatal.c.obj)
                                          0xc (size before relaxing)
 .literal.z_sys_init_run_level
                0x00000000403745d8        0x4 kernel/libkernel.a(init.c.obj)
                                          0x8 (size before relaxing)
 .literal.bg_thread_main
                0x00000000403745dc       0x10 kernel/libkernel.a(init.c.obj)
                                         0x3c (size before relaxing)
 .literal.z_early_memset
                0x00000000403745ec        0x0 kernel/libkernel.a(init.c.obj)
                                          0x4 (size before relaxing)
 .literal.z_bss_zero
                0x00000000403745ec        0x8 kernel/libkernel.a(init.c.obj)
                                          0xc (size before relaxing)
 .literal.z_init_cpu
                0x00000000403745f4        0xc kernel/libkernel.a(init.c.obj)
                                         0x18 (size before relaxing)
 .literal.z_cstart
                0x0000000040374600       0x10 kernel/libkernel.a(init.c.obj)
                                         0x48 (size before relaxing)
 .literal.k_heap_init
                0x0000000040374610        0x4 kernel/libkernel.a(kheap.c.obj)
 .literal.statics_init
                0x0000000040374614        0x8 kernel/libkernel.a(kheap.c.obj)
                                          0xc (size before relaxing)
 .literal.k_heap_aligned_alloc
                0x000000004037461c        0x4 kernel/libkernel.a(kheap.c.obj)
                                         0x10 (size before relaxing)
 .literal.k_heap_free
                0x0000000040374620        0x4 kernel/libkernel.a(kheap.c.obj)
                                          0xc (size before relaxing)
 .literal.idle  0x0000000040374624        0x0 kernel/libkernel.a(idle.c.obj)
                                          0x4 (size before relaxing)
 .literal.adjust_owner_prio$isra$0
                0x0000000040374624        0x0 kernel/libkernel.a(mutex.c.obj)
                                          0x4 (size before relaxing)
 .literal.z_impl_k_mutex_lock
                0x0000000040374624        0x4 kernel/libkernel.a(mutex.c.obj)
                                         0x18 (size before relaxing)
 .literal.z_impl_k_mutex_unlock
                0x0000000040374628        0x0 kernel/libkernel.a(mutex.c.obj)
                                         0x18 (size before relaxing)
 .literal.z_impl_k_thread_start
                0x0000000040374628        0x0 kernel/libkernel.a(thread.c.obj)
                                          0x4 (size before relaxing)
 .literal.z_setup_new_thread
                0x0000000040374628        0x0 kernel/libkernel.a(thread.c.obj)
                                          0x8 (size before relaxing)
 .literal.unpend_thread_no_timeout
                0x0000000040374628        0x0 kernel/libkernel.a(sched.c.obj)
                                          0x4 (size before relaxing)
 .literal.unready_thread
                0x0000000040374628        0x4 kernel/libkernel.a(sched.c.obj)
                                         0x10 (size before relaxing)
 .literal.z_swap
                0x000000004037462c        0x4 kernel/libkernel.a(sched.c.obj)
                                         0x10 (size before relaxing)
 .literal.ready_thread
                0x0000000040374630        0x0 kernel/libkernel.a(sched.c.obj)
                                          0xc (size before relaxing)
 .literal.z_thread_halt
                0x0000000040374630        0x0 kernel/libkernel.a(sched.c.obj)
                                         0x34 (size before relaxing)
 .literal.add_to_waitq_locked
                0x0000000040374630        0x0 kernel/libkernel.a(sched.c.obj)
                                          0x4 (size before relaxing)
 .literal.move_thread_to_end_of_prio_q
                0x0000000040374630        0x0 kernel/libkernel.a(sched.c.obj)
                                         0x10 (size before relaxing)
 .literal.z_ready_thread
                0x0000000040374630        0x0 kernel/libkernel.a(sched.c.obj)
                                          0x4 (size before relaxing)
 .literal.z_impl_k_thread_suspend
                0x0000000040374630        0x0 kernel/libkernel.a(sched.c.obj)
                                          0x8 (size before relaxing)
 .literal.z_unpend_thread_no_timeout
                0x0000000040374630        0x0 kernel/libkernel.a(sched.c.obj)
                                          0x4 (size before relaxing)
 .literal.z_sched_wake_thread
                0x0000000040374630        0x0 kernel/libkernel.a(sched.c.obj)
                                          0x8 (size before relaxing)
 .literal.z_thread_timeout
                0x0000000040374630        0x0 kernel/libkernel.a(sched.c.obj)
                                          0x4 (size before relaxing)
 .literal.z_pend_curr
                0x0000000040374630        0x0 kernel/libkernel.a(sched.c.obj)
                                         0x18 (size before relaxing)
 .literal.z_unpend_thread
                0x0000000040374630        0x0 kernel/libkernel.a(sched.c.obj)
                                          0x8 (size before relaxing)
 .literal.z_thread_prio_set
                0x0000000040374630        0x0 kernel/libkernel.a(sched.c.obj)
                                         0x10 (size before relaxing)
 .literal.z_reschedule
                0x0000000040374630        0x0 kernel/libkernel.a(sched.c.obj)
                                          0x8 (size before relaxing)
 .literal.z_sched_start
                0x0000000040374630        0x0 kernel/libkernel.a(sched.c.obj)
                                          0xc (size before relaxing)
 .literal.z_reschedule_irqlock
                0x0000000040374630        0x0 kernel/libkernel.a(sched.c.obj)
                                          0xc (size before relaxing)
 .literal.k_sched_lock
                0x0000000040374630        0x0 kernel/libkernel.a(sched.c.obj)
                                          0x4 (size before relaxing)
 .literal.k_sched_unlock
                0x0000000040374630        0x0 kernel/libkernel.a(sched.c.obj)
                                         0x10 (size before relaxing)
 .literal.z_swap_next_thread
                0x0000000040374630        0x0 kernel/libkernel.a(sched.c.obj)
                                          0x4 (size before relaxing)
 .literal.z_get_next_switch_handle
                0x0000000040374630        0x0 kernel/libkernel.a(sched.c.obj)
                                          0x4 (size before relaxing)
 .literal.z_unpend_all
                0x0000000040374630        0x0 kernel/libkernel.a(sched.c.obj)
                                          0x8 (size before relaxing)
 .literal.z_sched_init
                0x0000000040374630        0x0 kernel/libkernel.a(sched.c.obj)
                                          0x8 (size before relaxing)
 .literal.z_impl_k_yield
                0x0000000040374630        0x0 kernel/libkernel.a(sched.c.obj)
                                         0x18 (size before relaxing)
 .literal.z_tick_sleep
                0x0000000040374630        0x0 kernel/libkernel.a(sched.c.obj)
                                         0x24 (size before relaxing)
 .literal.z_impl_k_sleep
                0x0000000040374630        0x0 kernel/libkernel.a(sched.c.obj)
                                         0x10 (size before relaxing)
 .literal.z_impl_k_sched_current_thread_query
                0x0000000040374630        0x0 kernel/libkernel.a(sched.c.obj)
                                          0x4 (size before relaxing)
 .literal.z_thread_abort
                0x0000000040374630        0x0 kernel/libkernel.a(sched.c.obj)
                                          0x8 (size before relaxing)
 .literal.z_impl_k_thread_abort
                0x0000000040374630        0x0 kernel/libkernel.a(sched.c.obj)
                                          0x4 (size before relaxing)
 .literal.slice_timeout
                0x0000000040374630        0xc kernel/libkernel.a(timeslicing.c.obj)
 .literal.thread_is_sliceable
                0x000000004037463c        0x8 kernel/libkernel.a(timeslicing.c.obj)
                                          0xc (size before relaxing)
 .literal.z_reset_time_slice
                0x0000000040374644        0x4 kernel/libkernel.a(timeslicing.c.obj)
                                         0x20 (size before relaxing)
 .literal.z_time_slice
                0x0000000040374648        0x0 kernel/libkernel.a(timeslicing.c.obj)
                                         0x14 (size before relaxing)
 .literal.elapsed
                0x0000000040374648        0x4 kernel/libkernel.a(timeout.c.obj)
                                          0x8 (size before relaxing)
 .literal.remove_timeout
                0x000000004037464c        0x4 kernel/libkernel.a(timeout.c.obj)
 .literal.next_timeout
                0x0000000040374650        0x4 kernel/libkernel.a(timeout.c.obj)
                                         0x10 (size before relaxing)
 .literal.z_add_timeout
                0x0000000040374654        0x4 kernel/libkernel.a(timeout.c.obj)
                                         0x18 (size before relaxing)
 .literal.z_abort_timeout
                0x0000000040374658        0x0 kernel/libkernel.a(timeout.c.obj)
                                          0x4 (size before relaxing)
 .literal.sys_clock_announce
                0x0000000040374658        0x0 kernel/libkernel.a(timeout.c.obj)
                                         0x1c (size before relaxing)
 .literal.sys_clock_tick_get
                0x0000000040374658        0x0 kernel/libkernel.a(timeout.c.obj)
                                          0x8 (size before relaxing)
 .literal.sys_clock_tick_get_32
                0x0000000040374658        0x0 kernel/libkernel.a(timeout.c.obj)
                                          0x4 (size before relaxing)
 .literal.z_impl_k_uptime_ticks
                0x0000000040374658        0x0 kernel/libkernel.a(timeout.c.obj)
                                          0x4 (size before relaxing)
 .literal.sys_timepoint_calc
                0x0000000040374658        0x0 kernel/libkernel.a(timeout.c.obj)
                                          0x4 (size before relaxing)
 .literal.sys_timepoint_timeout
                0x0000000040374658        0x0 kernel/libkernel.a(timeout.c.obj)
                                          0x4 (size before relaxing)
 .literal.z_heap_aligned_alloc
                0x0000000040374658        0x0 kernel/libkernel.a(mempool.c.obj)
                                          0x4 (size before relaxing)
 .literal.k_free
                0x0000000040374658        0x0 kernel/libkernel.a(mempool.c.obj)
                                          0x4 (size before relaxing)
 .literal.k_aligned_alloc
                0x0000000040374658        0x4 kernel/libkernel.a(mempool.c.obj)
                                          0x8 (size before relaxing)
 .literal.k_malloc
                0x000000004037465c        0x0 kernel/libkernel.a(mempool.c.obj)
                                          0x4 (size before relaxing)
 .literal.k_calloc
                0x000000004037465c        0x0 kernel/libkernel.a(mempool.c.obj)
                                          0x8 (size before relaxing)
 .literal.k_thread_system_pool_assign
                0x000000004037465c        0x0 kernel/libkernel.a(mempool.c.obj)
                                          0x4 (size before relaxing)
 .literal.boot_banner
                0x000000004037465c        0x4 kernel/libkernel.a(banner.c.obj)
                                          0x8 (size before relaxing)
 .literal.esp_log_impl_lock
                0x0000000040374660        0x4 libzephyr.a(log_noos.c.obj)
                                          0x8 (size before relaxing)
 .literal.esp_log_impl_lock_timeout
                0x0000000040374664        0x0 libzephyr.a(log_noos.c.obj)
                                          0x4 (size before relaxing)
 .literal.esp_log_impl_unlock
                0x0000000040374664        0x0 libzephyr.a(log_noos.c.obj)
                                          0x8 (size before relaxing)
 .literal.esp_log_early_timestamp
                0x0000000040374664        0x0 libzephyr.a(log_noos.c.obj)
                                          0x4 (size before relaxing)
 .literal.ccompare_isr
                0x0000000040374664        0x8 drivers/timer/libdrivers__timer.a(xtensa_sys_timer.c.obj)
                                          0xc (size before relaxing)
 .literal.sys_clock_set_timeout
                0x000000004037466c        0xc drivers/timer/libdrivers__timer.a(xtensa_sys_timer.c.obj)
                                         0x14 (size before relaxing)
 .literal.sys_clock_elapsed
                0x0000000040374678        0x0 drivers/timer/libdrivers__timer.a(xtensa_sys_timer.c.obj)
                                          0x8 (size before relaxing)
 .literal.char_out
                0x0000000040374678        0x4 libzephyr.a(printk.c.obj)
 .literal.vprintk
                0x000000004037467c        0x8 libzephyr.a(printk.c.obj)
                                          0xc (size before relaxing)
 .literal.printk
                0x0000000040374684        0x0 libzephyr.a(printk.c.obj)
                                          0x4 (size before relaxing)
 .literal.console_out
                0x0000000040374684        0x4 drivers/console/libdrivers__console.a(uart_console.c.obj)
 .literal.map_rom_segments
                0x0000000040374688       0x60 libzephyr.a(loader.c.obj)
                                         0xd8 (size before relaxing)
 .literal.__start
                0x00000000403746e8       0x14 libzephyr.a(loader.c.obj)
                                         0x44 (size before relaxing)
 .literal.esp_mmu_map_init
                0x00000000403746fc       0x10 libzephyr.a(esp_mmu_map.c.obj)
                                         0x44 (size before relaxing)
 .literal.esp_mmu_map
                0x000000004037470c       0x2c libzephyr.a(esp_mmu_map.c.obj)
                                         0x8c (size before relaxing)
 .literal.esp_mmu_unmap
                0x0000000040374738        0xc libzephyr.a(esp_mmu_map.c.obj)
                                         0x38 (size before relaxing)
 .literal.esp_intr_lock
                0x0000000040374744        0x4 drivers/interrupt_controller/libdrivers__interrupt_controller.a(intc_esp32.c.obj)
 .literal.esp_intr_unlock
                0x0000000040374748        0x0 drivers/interrupt_controller/libdrivers__interrupt_controller.a(intc_esp32.c.obj)
                                          0x4 (size before relaxing)
 .literal.find_desc_for_int
                0x0000000040374748        0x4 drivers/interrupt_controller/libdrivers__interrupt_controller.a(intc_esp32.c.obj)
 .literal.is_vect_desc_usable
                0x000000004037474c        0xc drivers/interrupt_controller/libdrivers__interrupt_controller.a(intc_esp32.c.obj)
                                         0x10 (size before relaxing)
 .literal.get_desc_for_int
                0x0000000040374758        0x8 drivers/interrupt_controller/libdrivers__interrupt_controller.a(intc_esp32.c.obj)
                                         0x18 (size before relaxing)
 .literal.set_interrupt_handler
                0x0000000040374760        0x4 drivers/interrupt_controller/libdrivers__interrupt_controller.a(intc_esp32.c.obj)
                                          0xc (size before relaxing)
 .literal.esp_intr_initialize
                0x0000000040374764        0x0 drivers/interrupt_controller/libdrivers__interrupt_controller.a(intc_esp32.c.obj)
                                          0x8 (size before relaxing)
 .literal.esp_intr_alloc_intrstatus
                0x0000000040374764       0x18 drivers/interrupt_controller/libdrivers__interrupt_controller.a(intc_esp32.c.obj)
                                         0x8c (size before relaxing)
 .literal.esp_intr_alloc
                0x000000004037477c        0x0 drivers/interrupt_controller/libdrivers__interrupt_controller.a(intc_esp32.c.obj)
                                          0x4 (size before relaxing)
 .literal.mmu_hal_unmap_all
                0x000000004037477c        0x8 libzephyr.a(mmu_hal.c.obj)
 .literal.mmu_hal_init
                0x0000000040374784        0x4 libzephyr.a(mmu_hal.c.obj)
                                          0x8 (size before relaxing)
 .literal.mmu_hal_map_region
                0x0000000040374788        0x4 libzephyr.a(mmu_hal.c.obj)
                                          0x8 (size before relaxing)
 .literal.mmu_hal_unmap_region
                0x000000004037478c        0x0 libzephyr.a(mmu_hal.c.obj)
                                          0xc (size before relaxing)
 .literal.mmu_hal_paddr_to_vaddr
                0x000000004037478c        0x0 libzephyr.a(mmu_hal.c.obj)
                                          0x4 (size before relaxing)
 .literal.mmu_hal_check_valid_ext_vaddr_region
                0x000000004037478c        0x8 libzephyr.a(mmu_hal.c.obj)
                                          0xc (size before relaxing)
 .literal.spimem_flash_ll_set_buffer_data
                0x0000000040374794        0x0 libzephyr.a(spi_flash_hal_iram.c.obj)
                                          0x4 (size before relaxing)
 .literal.spimem_flash_ll_get_buffer_data
                0x0000000040374794        0x0 libzephyr.a(spi_flash_hal_iram.c.obj)
                                          0x8 (size before relaxing)
 .literal.spi_flash_hal_configure_host_io_mode
                0x0000000040374794        0xc libzephyr.a(spi_flash_hal_iram.c.obj)
                                         0x28 (size before relaxing)
 .literal.spi_flash_hal_common_command
                0x00000000403747a0        0x0 libzephyr.a(spi_flash_hal_iram.c.obj)
                                         0x14 (size before relaxing)
 .literal.spi_flash_hal_read
                0x00000000403747a0        0x0 libzephyr.a(spi_flash_hal_iram.c.obj)
                                          0x8 (size before relaxing)
 .literal.spi_flash_hal_erase_sector
                0x00000000403747a0        0x0 libzephyr.a(spi_flash_hal_iram.c.obj)
                                          0x8 (size before relaxing)
 .literal.spi_flash_hal_erase_block
                0x00000000403747a0        0x0 libzephyr.a(spi_flash_hal_iram.c.obj)
                                          0x8 (size before relaxing)
 .literal.spi_flash_hal_program_page
                0x00000000403747a0        0x0 libzephyr.a(spi_flash_hal_iram.c.obj)
                                         0x10 (size before relaxing)
 .literal.spi_flash_hal_setup_read_suspend
                0x00000000403747a0        0x0 libzephyr.a(spi_flash_hal_iram.c.obj)
                                          0x8 (size before relaxing)
 .literal.spi_flash_hal_setup_auto_suspend_mode
                0x00000000403747a0        0x0 libzephyr.a(spi_flash_hal_iram.c.obj)
                                          0x4 (size before relaxing)
 .literal.spi_flash_hal_disable_auto_suspend_mode
                0x00000000403747a0        0x0 libzephyr.a(spi_flash_hal_iram.c.obj)
                                          0x4 (size before relaxing)
 .literal.spi_flash_hal_device_config
                0x00000000403747a0        0x4 libzephyr.a(spi_flash_hal_iram.c.obj)
                                         0x10 (size before relaxing)
 .literal.spi_flash_encryption_hal_enable
                0x00000000403747a4        0x8 libzephyr.a(spi_flash_encrypt_hal_iram.c.obj)
 .literal.spi_flash_encryption_hal_disable
                0x00000000403747ac        0x0 libzephyr.a(spi_flash_encrypt_hal_iram.c.obj)
                                          0x4 (size before relaxing)
 .literal.spi_flash_encryption_hal_prepare
                0x00000000403747ac       0x10 libzephyr.a(spi_flash_encrypt_hal_iram.c.obj)
                                         0x14 (size before relaxing)
 .literal.spi_flash_encryption_hal_done
                0x00000000403747bc        0x8 libzephyr.a(spi_flash_encrypt_hal_iram.c.obj)
 .literal.spi_flash_encryption_hal_destroy
                0x00000000403747c4        0x4 libzephyr.a(spi_flash_encrypt_hal_iram.c.obj)
 .literal.cache_hal_init
                0x00000000403747c8       0x14 libzephyr.a(cache_hal.c.obj)
                                         0x1c (size before relaxing)
 .literal.cache_hal_disable
                0x00000000403747dc        0x0 libzephyr.a(cache_hal.c.obj)
                                          0xc (size before relaxing)
 .literal.cache_hal_enable
                0x00000000403747dc        0x0 libzephyr.a(cache_hal.c.obj)
                                         0x10 (size before relaxing)
 .literal.cache_hal_invalidate_addr
                0x00000000403747dc        0x4 libzephyr.a(cache_hal.c.obj)
                                          0x8 (size before relaxing)
 .literal.wdt_hal_write_protect_disable
                0x00000000403747e0        0x4 libzephyr.a(wdt_hal_iram.c.obj)
 .literal.wdt_hal_disable
                0x00000000403747e4        0x0 libzephyr.a(wdt_hal_iram.c.obj)
                                          0x4 (size before relaxing)
 .literal.wdt_hal_set_flashboot_en
                0x00000000403747e4        0x8 libzephyr.a(wdt_hal_iram.c.obj)
 .literal.systimer_hal_init
                0x00000000403747ec        0x4 libzephyr.a(systimer_hal.c.obj)
 .literal.systimer_hal_select_alarm_mode
                0x00000000403747f0        0x0 libzephyr.a(systimer_hal.c.obj)
                                          0x4 (size before relaxing)
 .literal.systimer_hal_connect_alarm_counter
                0x00000000403747f0        0x0 libzephyr.a(systimer_hal.c.obj)
                                          0x4 (size before relaxing)
 .literal.gpspi_flash_ll_get_buffer_data
                0x00000000403747f0        0x0 libzephyr.a(spi_flash_hal_gpspi.c.obj)
                                          0x8 (size before relaxing)
 .literal.spi_flash_hal_gpspi_device_config
                0x00000000403747f0        0x8 libzephyr.a(spi_flash_hal_gpspi.c.obj)
                                          0xc (size before relaxing)
 .literal.spi_flash_hal_gpspi_configure_host_io_mode
                0x00000000403747f8       0x10 libzephyr.a(spi_flash_hal_gpspi.c.obj)
                                         0x28 (size before relaxing)
 .literal.spi_flash_hal_gpspi_common_command
                0x0000000040374808        0x4 libzephyr.a(spi_flash_hal_gpspi.c.obj)
                                         0x18 (size before relaxing)
 .literal.spi_flash_hal_gpspi_read
                0x000000004037480c        0x0 libzephyr.a(spi_flash_hal_gpspi.c.obj)
                                          0xc (size before relaxing)
 .literal.esp_log_write
                0x000000004037480c        0x4 libzephyr.a(log.c.obj)
 .literal.spi_flash_chip_gd_detect_size
                0x0000000040374810        0x4 libzephyr.a(spi_flash_chip_gd.c.obj)
                                          0x8 (size before relaxing)
 .literal.spi_flash_chip_gd_get_io_mode
                0x0000000040374814        0x0 libzephyr.a(spi_flash_chip_gd.c.obj)
                                          0x4 (size before relaxing)
 .literal.spi_flash_chip_gd_set_io_mode
                0x0000000040374814       0x10 libzephyr.a(spi_flash_chip_gd.c.obj)
                                         0x14 (size before relaxing)
 .literal.spi_flash_chip_generic_detect_size
                0x0000000040374824        0x0 libzephyr.a(spi_flash_chip_generic.c.obj)
                                          0x8 (size before relaxing)
 .literal.spi_flash_chip_generic_reset
                0x0000000040374824        0x0 libzephyr.a(spi_flash_chip_generic.c.obj)
                                          0x8 (size before relaxing)
 .literal.spi_flash_chip_generic_config_host_io_mode
                0x0000000040374824        0xc libzephyr.a(spi_flash_chip_generic.c.obj)
                                         0x10 (size before relaxing)
 .literal.spi_flash_chip_generic_read
                0x0000000040374830        0x8 libzephyr.a(spi_flash_chip_generic.c.obj)
                                         0x18 (size before relaxing)
 .literal.spi_flash_chip_generic_write
                0x0000000040374838        0x0 libzephyr.a(spi_flash_chip_generic.c.obj)
                                          0x8 (size before relaxing)
 .literal.spi_flash_chip_generic_get_write_protect
                0x0000000040374838        0x0 libzephyr.a(spi_flash_chip_generic.c.obj)
                                          0x4 (size before relaxing)
 .literal.spi_flash_chip_generic_yield
                0x0000000040374838        0x0 libzephyr.a(spi_flash_chip_generic.c.obj)
                                          0x4 (size before relaxing)
 .literal.spi_flash_chip_generic_read_unique_id
                0x0000000040374838        0x8 libzephyr.a(spi_flash_chip_generic.c.obj)
                                         0x1c (size before relaxing)
 .literal.spi_flash_chip_generic_write_encrypted
                0x0000000040374840        0x4 libzephyr.a(spi_flash_chip_generic.c.obj)
                                          0x8 (size before relaxing)
 .literal.spi_flash_chip_generic_suspend_cmd_conf
                0x0000000040374844        0x8 libzephyr.a(spi_flash_chip_generic.c.obj)
                                         0x18 (size before relaxing)
 .literal.spi_flash_common_read_qe_sr$constprop$0$isra$0
                0x000000004037484c        0x0 libzephyr.a(spi_flash_chip_generic.c.obj)
                                          0x4 (size before relaxing)
 .literal.spi_flash_common_read_status_16b_rdsr_rdsr2
                0x000000004037484c        0x0 libzephyr.a(spi_flash_chip_generic.c.obj)
                                          0x8 (size before relaxing)
 .literal.spi_flash_common_write_qe_sr$isra$0
                0x000000004037484c        0x0 libzephyr.a(spi_flash_chip_generic.c.obj)
                                          0x4 (size before relaxing)
 .literal.spi_flash_common_write_status_16b_wrsr
                0x000000004037484c        0x0 libzephyr.a(spi_flash_chip_generic.c.obj)
                                          0x4 (size before relaxing)
 .literal.spi_flash_common_read_status_8b_rdsr2
                0x000000004037484c        0x0 libzephyr.a(spi_flash_chip_generic.c.obj)
                                          0x4 (size before relaxing)
 .literal.spi_flash_chip_generic_get_io_mode
                0x000000004037484c        0x0 libzephyr.a(spi_flash_chip_generic.c.obj)
                                          0x4 (size before relaxing)
 .literal.spi_flash_common_read_status_8b_rdsr
                0x000000004037484c        0x0 libzephyr.a(spi_flash_chip_generic.c.obj)
                                          0x4 (size before relaxing)
 .literal.spi_flash_common_write_status_8b_wrsr
                0x000000004037484c        0x0 libzephyr.a(spi_flash_chip_generic.c.obj)
                                          0x4 (size before relaxing)
 .literal.spi_flash_common_write_status_8b_wrsr2
                0x000000004037484c        0x0 libzephyr.a(spi_flash_chip_generic.c.obj)
                                          0x4 (size before relaxing)
 .literal.spi_flash_chip_generic_set_io_mode
                0x000000004037484c        0x0 libzephyr.a(spi_flash_chip_generic.c.obj)
                                          0xc (size before relaxing)
 .literal.spi_flash_chip_issi_set_io_mode
                0x000000004037484c        0x8 libzephyr.a(spi_flash_chip_issi.c.obj)
                                          0xc (size before relaxing)
 .literal.spi_flash_chip_issi_get_io_mode
                0x0000000040374854        0x0 libzephyr.a(spi_flash_chip_issi.c.obj)
                                          0x4 (size before relaxing)
 .literal.spi_flash_chip_mxic_opi_detect_size
                0x0000000040374854        0x0 libzephyr.a(spi_flash_chip_mxic_opi.c.obj)
                                          0x8 (size before relaxing)
 .literal.spi_flash_chip_mxic_opi_set_write_protect
                0x0000000040374854        0x8 libzephyr.a(spi_flash_chip_mxic_opi.c.obj)
                                          0xc (size before relaxing)
 .literal.spi_flash_chip_mxic_opi_erase_chip
                0x000000004037485c        0x4 libzephyr.a(spi_flash_chip_mxic_opi.c.obj)
                                          0x8 (size before relaxing)
 .literal.spi_flash_chip_mxic_opi_erase_sector
                0x0000000040374860        0x4 libzephyr.a(spi_flash_chip_mxic_opi.c.obj)
                                          0x8 (size before relaxing)
 .literal.spi_flash_chip_mxic_opi_erase_block
                0x0000000040374864        0x4 libzephyr.a(spi_flash_chip_mxic_opi.c.obj)
                                          0x8 (size before relaxing)
 .literal.spi_flash_chip_xmic_opi_config_host_io_mode
                0x0000000040374868        0x4 libzephyr.a(spi_flash_chip_mxic_opi.c.obj)
                                          0x8 (size before relaxing)
 .literal.spi_flash_chip_mxic_opi_get_data_length_zoom
                0x000000004037486c        0x0 libzephyr.a(spi_flash_chip_mxic_opi.c.obj)
                                          0x4 (size before relaxing)
 .literal.spi_flash_chip_mxic_opi_read_id
                0x000000004037486c       0x10 libzephyr.a(spi_flash_chip_mxic_opi.c.obj)
                                         0x24 (size before relaxing)
 .literal.spi_flash_chip_mxic_opi_read_reg
                0x000000004037487c        0x0 libzephyr.a(spi_flash_chip_mxic_opi.c.obj)
                                          0x8 (size before relaxing)
 .literal.spi_flash_chip_mxic_opi_get_io_mode
                0x000000004037487c        0x4 libzephyr.a(spi_flash_chip_mxic_opi.c.obj)
                                          0xc (size before relaxing)
 .literal.spi_flash_chip_mxic_opi_get_write_protect
                0x0000000040374880        0x0 libzephyr.a(spi_flash_chip_mxic_opi.c.obj)
                                          0x4 (size before relaxing)
 .literal.spi_flash_chip_mxic_opi_write
                0x0000000040374880        0x0 libzephyr.a(spi_flash_chip_mxic_opi.c.obj)
                                          0x8 (size before relaxing)
 .literal.spi_flash_chip_mxic_opi_page_program
                0x0000000040374880        0x4 libzephyr.a(spi_flash_chip_mxic_opi.c.obj)
                                          0x8 (size before relaxing)
 .literal.spi_flash_chip_winbond_read
                0x0000000040374884        0x8 libzephyr.a(spi_flash_chip_winbond.c.obj)
                                         0x18 (size before relaxing)
 .literal.spi_flash_chip_winbond_erase_block
                0x000000004037488c        0x0 libzephyr.a(spi_flash_chip_winbond.c.obj)
                                          0x8 (size before relaxing)
 .literal.spi_flash_chip_winbond_erase_sector
                0x000000004037488c        0x0 libzephyr.a(spi_flash_chip_winbond.c.obj)
                                          0x8 (size before relaxing)
 .literal.spi_flash_chip_winbond_page_program
                0x000000004037488c        0x0 libzephyr.a(spi_flash_chip_winbond.c.obj)
                                          0x8 (size before relaxing)
 .literal.memspi_host_read_status_hs
                0x000000004037488c        0x0 libzephyr.a(memspi_host_driver.c.obj)
                                          0x4 (size before relaxing)
 .literal.memspi_host_erase_chip
                0x000000004037488c        0x0 libzephyr.a(memspi_host_driver.c.obj)
                                          0x4 (size before relaxing)
 .literal.memspi_host_set_write_protect
                0x000000004037488c        0x0 libzephyr.a(memspi_host_driver.c.obj)
                                          0x4 (size before relaxing)
 .literal.memspi_host_read_id_hs
                0x000000004037488c        0xc libzephyr.a(memspi_host_driver.c.obj)
                                         0x1c (size before relaxing)
 .literal.memspi_host_flush_cache
                0x0000000040374898        0x0 libzephyr.a(memspi_host_driver.c.obj)
                                          0x8 (size before relaxing)
 .literal.memspi_host_erase_sector
                0x0000000040374898        0x0 libzephyr.a(memspi_host_driver.c.obj)
                                          0xc (size before relaxing)
 .literal.memspi_host_erase_block
                0x0000000040374898        0x0 libzephyr.a(memspi_host_driver.c.obj)
                                          0xc (size before relaxing)
 .literal.memspi_host_program_page
                0x0000000040374898        0x0 libzephyr.a(memspi_host_driver.c.obj)
                                          0x8 (size before relaxing)
 .literal.memspi_host_init_pointers
                0x0000000040374898        0xc libzephyr.a(memspi_host_driver.c.obj)
                                         0x18 (size before relaxing)
 .literal.spi_flash_hpm_probe_chip_with_cmd
                0x00000000403748a4        0x4 libzephyr.a(spi_flash_hpm_enable.c.obj)
                                          0x8 (size before relaxing)
 .literal.spi_flash_hpm_probe_chip_with_dummy
                0x00000000403748a8        0xc libzephyr.a(spi_flash_hpm_enable.c.obj)
                                         0x10 (size before relaxing)
 .literal.spi_flash_hpm_probe_chip_with_write_hpf_bit_5
                0x00000000403748b4        0x4 libzephyr.a(spi_flash_hpm_enable.c.obj)
 .literal.spi_flash_high_performance_check_dummy_sr
                0x00000000403748b8        0x0 libzephyr.a(spi_flash_hpm_enable.c.obj)
                                          0x4 (size before relaxing)
 .literal.spi_flash_high_performance_check_hpf_bit_5
                0x00000000403748b8        0x0 libzephyr.a(spi_flash_hpm_enable.c.obj)
                                          0x4 (size before relaxing)
 .literal.spi_flash_turn_high_performance_write_hpf_bit_5
                0x00000000403748b8        0x0 libzephyr.a(spi_flash_hpm_enable.c.obj)
                                         0x14 (size before relaxing)
 .literal.spi_flash_turn_high_performance_reconfig_dummy
                0x00000000403748b8        0x0 libzephyr.a(spi_flash_hpm_enable.c.obj)
                                         0x14 (size before relaxing)
 .literal.spi_flash_enable_high_performance_send_cmd
                0x00000000403748b8        0x0 libzephyr.a(spi_flash_hpm_enable.c.obj)
                                          0x8 (size before relaxing)
 .literal.spi_flash_enable_high_performance_mode
                0x00000000403748b8       0x1c libzephyr.a(spi_flash_hpm_enable.c.obj)
                                         0x38 (size before relaxing)
 .literal.s_probe_mxic_chip
                0x00000000403748d4        0x8 libzephyr.a(spi_flash_oct_flash_init.c.obj)
                                         0x14 (size before relaxing)
 .literal.s_mxic_set_required_regs
                0x00000000403748dc        0x4 libzephyr.a(spi_flash_oct_flash_init.c.obj)
                                          0x8 (size before relaxing)
 .literal.s_flash_init_mxic
                0x00000000403748e0       0x24 libzephyr.a(spi_flash_oct_flash_init.c.obj)
                                         0x48 (size before relaxing)
 .literal.esp_opiflash_init
                0x0000000040374904       0x18 libzephyr.a(spi_flash_oct_flash_init.c.obj)
                                         0x2c (size before relaxing)
 .literal.esp_gpio_reserve_pins
                0x000000004037491c        0x8 libzephyr.a(esp_gpio_reserve.c.obj)
 .literal.rtc_clk_bbpll_disable
                0x0000000040374924        0x8 libzephyr.a(rtc_clk.c.obj)
 .literal.rtc_clk_32k_enable
                0x000000004037492c       0x18 libzephyr.a(rtc_clk.c.obj)
                                         0x1c (size before relaxing)
 .literal.rtc_clk_32k_enable_external
                0x0000000040374944        0x0 libzephyr.a(rtc_clk.c.obj)
                                         0x18 (size before relaxing)
 .literal.rtc_clk_8m_enable
                0x0000000040374944        0xc libzephyr.a(rtc_clk.c.obj)
                                         0x10 (size before relaxing)
 .literal.rtc_clk_slow_src_set
                0x0000000040374950        0x4 libzephyr.a(rtc_clk.c.obj)
                                         0x10 (size before relaxing)
 .literal.rtc_clk_slow_src_get
                0x0000000040374954        0x0 libzephyr.a(rtc_clk.c.obj)
                                          0x4 (size before relaxing)
 .literal.rtc_clk_fast_src_set
                0x0000000040374954        0x0 libzephyr.a(rtc_clk.c.obj)
                                         0x10 (size before relaxing)
 .literal.rtc_clk_fast_src_get
                0x0000000040374954        0x0 libzephyr.a(rtc_clk.c.obj)
                                          0x4 (size before relaxing)
 .literal.rtc_clk_cpu_freq_to_xtal
                0x0000000040374954       0x20 libzephyr.a(rtc_clk.c.obj)
                                         0x30 (size before relaxing)
 .literal.rtc_clk_xtal_freq_get
                0x0000000040374974       0x10 libzephyr.a(rtc_clk.c.obj)
                                         0x1c (size before relaxing)
 .literal.rtc_clk_cpu_freq_mhz_to_config
                0x0000000040374984        0x0 libzephyr.a(rtc_clk.c.obj)
                                          0x4 (size before relaxing)
 .literal.rtc_clk_cpu_freq_get_config
                0x0000000040374984        0x8 libzephyr.a(rtc_clk.c.obj)
                                         0x20 (size before relaxing)
 .literal.rtc_clk_cpu_freq_to_pll_mhz
                0x000000004037498c        0xc libzephyr.a(rtc_clk.c.obj)
                                         0x50 (size before relaxing)
 .literal.rtc_clk_cpu_freq_set_config
                0x0000000040374998        0xc libzephyr.a(rtc_clk.c.obj)
                                         0x7c (size before relaxing)
 .literal.rtc_clk_cpu_set_to_default_config
                0x00000000403749a4        0x0 libzephyr.a(rtc_clk.c.obj)
                                          0x8 (size before relaxing)
 .literal.rtc_clk_cpu_freq_set_xtal
                0x00000000403749a4        0x0 libzephyr.a(rtc_clk.c.obj)
                                          0x8 (size before relaxing)
 .literal.rtc_clk_xtal_freq_update
                0x00000000403749a4        0x4 libzephyr.a(rtc_clk.c.obj)
                                          0x8 (size before relaxing)
 .literal.rtc_clk_apb_freq_update
                0x00000000403749a8        0x0 libzephyr.a(rtc_clk.c.obj)
                                          0x4 (size before relaxing)
 .literal.rtc_clk_apb_freq_get
                0x00000000403749a8        0x0 libzephyr.a(rtc_clk.c.obj)
                                          0x4 (size before relaxing)
 .literal.rtc_clk_divider_set
                0x00000000403749a8        0xc libzephyr.a(rtc_clk.c.obj)
 .literal.rtc_clk_8m_divider_set
                0x00000000403749b4        0x4 libzephyr.a(rtc_clk.c.obj)
                                          0x8 (size before relaxing)
 .literal.rtc_clk_init
                0x00000000403749b8       0x20 libzephyr.a(rtc_clk_init.c.obj)
                                         0x6c (size before relaxing)
 .literal.rtc_sleep_pu
                0x00000000403749d8       0x24 libzephyr.a(rtc_sleep.c.obj)
                                         0x28 (size before relaxing)
 .literal.rtc_clk_cal_internal
                0x00000000403749fc       0x20 libzephyr.a(rtc_time.c.obj)
                                         0x44 (size before relaxing)
 .literal.rtc_clk_cal
                0x0000000040374a1c        0x0 libzephyr.a(rtc_time.c.obj)
                                         0x14 (size before relaxing)
 .literal.rtc_time_us_to_slowclk
                0x0000000040374a1c        0x0 libzephyr.a(rtc_time.c.obj)
                                          0x4 (size before relaxing)
 .literal.rtc_time_get
                0x0000000040374a1c        0xc libzephyr.a(rtc_time.c.obj)
 .literal.rtc_clk_freq_cal
                0x0000000040374a28        0x0 libzephyr.a(rtc_time.c.obj)
                                          0x4 (size before relaxing)
 .literal.mspi_timing_config_set_core_clock
                0x0000000040374a28        0x4 libzephyr.a(mspi_timing_config.c.obj)
                                          0x8 (size before relaxing)
 .literal.mspi_timing_config_set_flash_clock
                0x0000000040374a2c        0x4 libzephyr.a(mspi_timing_config.c.obj)
                                          0xc (size before relaxing)
 .literal.mspi_timing_config_set_psram_clock
                0x0000000040374a30        0x0 libzephyr.a(mspi_timing_config.c.obj)
                                          0x8 (size before relaxing)
 .literal.mspi_timing_set_pin_drive_strength
                0x0000000040374a30        0x4 libzephyr.a(mspi_timing_tuning.c.obj)
                                         0x10 (size before relaxing)
 .literal.mspi_timing_enter_low_speed_mode
                0x0000000040374a34        0x0 libzephyr.a(mspi_timing_tuning.c.obj)
                                         0x10 (size before relaxing)
 .literal.mspi_timing_enter_high_speed_mode
                0x0000000040374a34        0x0 libzephyr.a(mspi_timing_tuning.c.obj)
                                         0x14 (size before relaxing)
 .literal.mspi_timing_change_speed_mode_cache_safe
                0x0000000040374a34        0x8 libzephyr.a(mspi_timing_tuning.c.obj)
                                         0x18 (size before relaxing)
 .literal.spi_timing_get_flash_timing_param
                0x0000000040374a3c        0x0 libzephyr.a(mspi_timing_tuning.c.obj)
                                          0x4 (size before relaxing)
 .literal.Cache_Suspend_ICache
                0x0000000040374a3c        0x8 libzephyr.a(esp_rom_cache_esp32s2_esp32s3.c.obj)
 .literal.Cache_Suspend_DCache
                0x0000000040374a44        0x4 libzephyr.a(esp_rom_cache_esp32s2_esp32s3.c.obj)
                                          0x8 (size before relaxing)
 .literal.Cache_Freeze_ICache_Enable
                0x0000000040374a48        0x4 libzephyr.a(esp_rom_cache_esp32s2_esp32s3.c.obj)
                                          0x8 (size before relaxing)
 .literal.Cache_Freeze_DCache_Enable
                0x0000000040374a4c        0x4 libzephyr.a(esp_rom_cache_esp32s2_esp32s3.c.obj)
                                          0x8 (size before relaxing)
 .literal.bootloader_ana_super_wdt_reset_config
                0x0000000040374a50        0x8 libzephyr.a(bootloader_soc.c.obj)
                                          0xc (size before relaxing)
 .literal.bootloader_ana_bod_reset_config
                0x0000000040374a58        0x4 libzephyr.a(bootloader_soc.c.obj)
                                          0xc (size before relaxing)
 .literal.bootloader_ana_clock_glitch_reset_config
                0x0000000040374a5c        0x8 libzephyr.a(bootloader_soc.c.obj)
                                          0xc (size before relaxing)
 .literal.bootloader_random_disable
                0x0000000040374a64       0x1c libzephyr.a(bootloader_random_esp32s3.c.obj)
                                         0x34 (size before relaxing)
 .literal.bootloader_random_enable
                0x0000000040374a80       0x40 libzephyr.a(bootloader_random_esp32s3.c.obj)
                                         0x70 (size before relaxing)
 .iram1.1       0x0000000040374ac0       0x88 libzephyr.a(soc.c.obj)
                                         0xac (size before relaxing)
                0x0000000040374ac0                __esp_platform_start
 .iram1.2       0x0000000040374b48       0x1b libzephyr.a(soc.c.obj)
                0x0000000040374b48                arch_printk_char_out
 *fill*         0x0000000040374b63        0x1 
 .iram1.0       0x0000000040374b64       0x18 libzephyr.a(soc_cache.c.obj)
                                         0x1c (size before relaxing)
                0x0000000040374b64                esp_config_instruction_cache_mode
 .iram1.1       0x0000000040374b7c       0x58 libzephyr.a(soc_cache.c.obj)
                0x0000000040374b7c                esp_config_data_cache_mode
 .iram1.0       0x0000000040374bd4        0xa libzephyr.a(flash_encrypt.c.obj)
                                          0xd (size before relaxing)
                0x0000000040374bd4                esp_flash_encryption_enabled
 *fill*         0x0000000040374bde        0x2 
 .iram1.5       0x0000000040374be0       0x1e libzephyr.a(esp_flash_api.c.obj)
 *fill*         0x0000000040374bfe        0x2 
 .iram1.6       0x0000000040374c00       0x44 libzephyr.a(esp_flash_api.c.obj)
 .iram1.10      0x0000000040374c44       0x54 libzephyr.a(esp_flash_api.c.obj)
 .iram1.12      0x0000000040374c98       0x80 libzephyr.a(esp_flash_api.c.obj)
 .iram1.13      0x0000000040374d18       0x58 libzephyr.a(esp_flash_api.c.obj)
                0x0000000040374d18                esp_flash_get_physical_size
 .iram1.9       0x0000000040374d70      0x150 libzephyr.a(esp_flash_api.c.obj)
                                        0x15c (size before relaxing)
                0x0000000040374d70                esp_flash_init_main
 .iram1.21      0x0000000040374ec0      0x110 libzephyr.a(esp_flash_api.c.obj)
                0x0000000040374ec0                esp_flash_read
 .iram1.27      0x0000000040374fd0       0x6e libzephyr.a(esp_flash_api.c.obj)
                0x0000000040374fd0                esp_flash_read_encrypted
 *fill*         0x000000004037503e        0x2 
 .iram1.1       0x0000000040375040       0x7c libzephyr.a(flash_mmap.c.obj)
                                         0x80 (size before relaxing)
                0x0000000040375040                spi_flash_check_and_flush_cache
 .iram1.2       0x00000000403750bc        0xa libzephyr.a(flash_ops.c.obj)
                0x00000000403750bc                spi_flash_guard_set
 *fill*         0x00000000403750c6        0x2 
 .iram1.5       0x00000000403750c8       0x1f libzephyr.a(flash_ops.c.obj)
                                         0x26 (size before relaxing)
                0x00000000403750c8                spi_flash_init_chip_state
 *fill*         0x00000000403750e7        0x1 
 .iram1.4       0x00000000403750e8       0x47 libzephyr.a(flash_ops.c.obj)
                                         0x4b (size before relaxing)
                0x00000000403750e8                esp_mspi_pin_init
 *fill*         0x000000004037512f        0x1 
 .iram1.3       0x0000000040375130       0x10 libzephyr.a(spi_flash_os_func_noos.c.obj)
 .iram1.2       0x0000000040375140       0x1e libzephyr.a(spi_flash_os_func_noos.c.obj)
 *fill*         0x000000004037515e        0x2 
 .iram1.1       0x0000000040375160       0x13 libzephyr.a(spi_flash_os_func_noos.c.obj)
                                         0x17 (size before relaxing)
 *fill*         0x0000000040375173        0x1 
 .iram1.7       0x0000000040375174       0x34 libzephyr.a(spi_flash_os_func_app.c.obj)
                                         0x38 (size before relaxing)
 .iram1.4       0x00000000403751a8       0x15 libzephyr.a(spi_flash_os_func_app.c.obj)
 *fill*         0x00000000403751bd        0x3 
 .iram1.8       0x00000000403751c0        0xa libzephyr.a(spi_flash_os_func_app.c.obj)
                                          0xe (size before relaxing)
 *fill*         0x00000000403751ca        0x2 
 .iram1.6       0x00000000403751cc       0x10 libzephyr.a(spi_flash_os_func_app.c.obj)
 .iram1.3       0x00000000403751dc        0xa libzephyr.a(spi_flash_os_func_app.c.obj)
                                          0xd (size before relaxing)
 *fill*         0x00000000403751e6        0x2 
 .iram1.2       0x00000000403751e8        0xa libzephyr.a(spi_flash_os_func_app.c.obj)
                                          0xd (size before relaxing)
 *fill*         0x00000000403751f2        0x2 
 .iram1.5       0x00000000403751f4       0x27 libzephyr.a(spi_flash_os_func_app.c.obj)
                                         0x2b (size before relaxing)
 *fill*         0x000000004037521b        0x1 
 .iram1.2       0x000000004037521c       0x15 libzephyr.a(flash_qio_mode.c.obj)
                0x000000004037521c                bootloader_read_status_8b_rdsr3
 *fill*         0x0000000040375231        0x3 
 .iram1.6       0x0000000040375234       0x13 libzephyr.a(flash_qio_mode.c.obj)
                0x0000000040375234                bootloader_write_status_8b_wrsr3
 *fill*         0x0000000040375247        0x1 
 .iram1.0       0x0000000040375248       0x9c libzephyr.a(bootloader_flash_config_esp32s3.c.obj)
                0x0000000040375248                bootloader_flash_cs_timing_config
 .iram1.2       0x00000000403752e4       0x28 libzephyr.a(bootloader_flash_config_esp32s3.c.obj)
                0x00000000403752e4                bootloader_flash_set_dummy_out
 .iram1.4       0x000000004037530c       0x78 libzephyr.a(bootloader_flash_config_esp32s3.c.obj)
                0x000000004037530c                bootloader_configure_spi_pins
 .iram1.3       0x0000000040375384        0xd libzephyr.a(bootloader_flash_config_esp32s3.c.obj)
                                         0x14 (size before relaxing)
                0x0000000040375384                bootloader_flash_dummy_config
 *fill*         0x0000000040375391        0x3 
 .iram1.1       0x0000000040375394      0x1aa libzephyr.a(bootloader_flash.c.obj)
                0x0000000040375394                bootloader_flash_execute_command_common
 *fill*         0x000000004037553e        0x2 
 .iram1.2       0x0000000040375540       0x20 libzephyr.a(bootloader_flash.c.obj)
                0x0000000040375540                bootloader_execute_flash_command
 .iram1.0       0x0000000040375560      0x132 libzephyr.a(bootloader_flash.c.obj)
                                        0x14a (size before relaxing)
                0x0000000040375560                bootloader_flash_unlock
 *fill*         0x0000000040375692        0x2 
 .iram1.3       0x0000000040375694       0x2a libzephyr.a(bootloader_flash.c.obj)
                0x0000000040375694                bootloader_flash_read_sfdp
 *fill*         0x00000000403756be        0x2 
 .iram1.4       0x00000000403756c0       0x30 libzephyr.a(bootloader_flash.c.obj)
                                         0x34 (size before relaxing)
                0x00000000403756c0                bootloader_read_flash_id
 .iram1.7       0x00000000403756f0       0xa4 libzephyr.a(bootloader_flash.c.obj)
                                         0xb8 (size before relaxing)
                0x00000000403756f0                bootloader_flash_xmc_startup
 .iram1.13      0x0000000040375794       0x10 libzephyr.a(bootloader_flash.c.obj)
                0x0000000040375794                bootloader_flash_is_octal_mode_enabled
 .iram1.2       0x00000000403757a4       0x23 libzephyr.a(esp_clk.c.obj)
                0x00000000403757a4                esp_clk_apb_freq
 *fill*         0x00000000403757c7        0x1 
 .iram1.2       0x00000000403757c8       0x2c libzephyr.a(regi2c_ctrl.c.obj)
                0x00000000403757c8                regi2c_ctrl_read_reg_mask
 .iram1.3       0x00000000403757f4       0x27 libzephyr.a(regi2c_ctrl.c.obj)
                0x00000000403757f4                regi2c_ctrl_write_reg
 *fill*         0x000000004037581b        0x1 
 .iram1.4       0x000000004037581c       0x2e libzephyr.a(regi2c_ctrl.c.obj)
                0x000000004037581c                regi2c_ctrl_write_reg_mask
 *fill*         0x000000004037584a        0x2 
 .iram1.6       0x000000004037584c       0x34 libzephyr.a(rtc_module.c.obj)
                0x000000004037584c                rtc_isr_noniram_disable
 .iram1.7       0x0000000040375880       0x1f libzephyr.a(rtc_module.c.obj)
                0x0000000040375880                rtc_isr_noniram_enable
 *fill*         0x000000004037589f        0x1 
 .iram1.2       0x00000000403758a0        0xf libzephyr.a(esp_mmu_map.c.obj)
 *fill*         0x00000000403758af        0x1 
 .iram1.3       0x00000000403758b0       0x89 libzephyr.a(esp_mmu_map.c.obj)
                                         0x91 (size before relaxing)
 *fill*         0x0000000040375939        0x3 
 .iram1.4       0x000000004037593c       0x15 libzephyr.a(esp_mmu_map.c.obj)
                                         0x1d (size before relaxing)
 *fill*         0x0000000040375951        0x3 
 .iram1.1       0x0000000040375954       0x58 libzephyr.a(esp_mmu_map.c.obj)
                0x0000000040375954                esp_mmu_paddr_find_caps
 .iram1.1       0x00000000403759ac       0x1a libzephyr.a(esp_rom_sys.c.obj)
                0x00000000403759ac                esp_rom_install_uart_printf
 *fill*         0x00000000403759c6        0x2 
 .iram1.0       0x00000000403759c8       0x8e libzephyr.a(esp_rom_uart.c.obj)
                0x00000000403759c8                esp_rom_uart_set_clock_baudrate
 *fill*         0x0000000040375a56        0x2 
 .iram1.0       0x0000000040375a58       0x18 libzephyr.a(efuse_hal.c.obj)
                                         0x1c (size before relaxing)
                0x0000000040375a58                efuse_hal_chip_revision
 .iram1.2       0x0000000040375a70       0x26 libzephyr.a(efuse_hal.c.obj)
                0x0000000040375a70                efuse_hal_flash_encryption_enabled
 *fill*         0x0000000040375a96        0x2 
 .iram1.0       0x0000000040375a98       0x3e libzephyr.a(efuse_hal.c.obj)
                0x0000000040375a98                efuse_hal_get_major_chip_version
 *fill*         0x0000000040375ad6        0x2 
 .iram1.1       0x0000000040375ad8       0x3e libzephyr.a(efuse_hal.c.obj)
                0x0000000040375ad8                efuse_hal_get_minor_chip_version
 *fill*         0x0000000040375b16        0x2 
 .iram1.4       0x0000000040375b18       0x34 libzephyr.a(cache_utils.c.obj)
                                         0x44 (size before relaxing)
                0x0000000040375b18                spi_flash_disable_interrupts_caches_and_other_cpu
 .iram1.5       0x0000000040375b4c       0x3c libzephyr.a(cache_utils.c.obj)
                                         0x44 (size before relaxing)
                0x0000000040375b4c                spi_flash_enable_interrupts_caches_and_other_cpu
 .iram1.1       0x0000000040375b88       0x33 drivers/interrupt_controller/libdrivers__interrupt_controller.a(intc_esp32.c.obj)
                                         0x3a (size before relaxing)
 *fill*         0x0000000040375bbb        0x1 
 .iram1.0       0x0000000040375bbc       0x16 drivers/interrupt_controller/libdrivers__interrupt_controller.a(intc_esp32.c.obj)
                0x0000000040375bbc                default_intr_handler
 *fill*         0x0000000040375bd2        0x2 
 .iram1.4       0x0000000040375bd4       0xb2 drivers/interrupt_controller/libdrivers__interrupt_controller.a(intc_esp32.c.obj)
                0x0000000040375bd4                esp_intr_disable
 *fill*         0x0000000040375c86        0x2 
 .iram1.5       0x0000000040375c88       0x52 drivers/interrupt_controller/libdrivers__interrupt_controller.a(intc_esp32.c.obj)
                                         0x5a (size before relaxing)
                0x0000000040375c88                esp_intr_noniram_disable
 *fill*         0x0000000040375cda        0x2 
 .iram1.6       0x0000000040375cdc       0x40 drivers/interrupt_controller/libdrivers__interrupt_controller.a(intc_esp32.c.obj)
                                         0x48 (size before relaxing)
                0x0000000040375cdc                esp_intr_noniram_enable
 .iram1.0       0x0000000040375d1c       0x6e drivers/gpio/libdrivers__gpio.a(gpio_esp32.c.obj)
 *fill*         0x0000000040375d8a        0x2 
 .iram1.1       0x0000000040375d8c       0x11 drivers/gpio/libdrivers__gpio.a(gpio_esp32.c.obj)
                                         0x17 (size before relaxing)
 *fill*         0x0000000040375d9d        0x0 
 *fill*         0x0000000040375d9d        0x3 
 .iram1.3       0x0000000040375da0       0x2b libzephyr.a(esp_flash_api.c.obj)
 *fill*         0x0000000040375dcb        0x1 
 .iram1.4       0x0000000040375dcc       0x21 libzephyr.a(esp_flash_api.c.obj)
 *fill*         0x0000000040375ded        0x0 
 *fill*         0x0000000040375ded        0x0 
 *fill*         0x0000000040375ded        0x0 
 *fill*         0x0000000040375ded        0x0 
 *fill*         0x0000000040375ded        0x0 
 *fill*         0x0000000040375ded        0x0 
 *fill*         0x0000000040375ded        0x0 
 *fill*         0x0000000040375ded        0x3 
 .iram1.9       0x0000000040375df0        0x7 libzephyr.a(spi_flash_os_func_app.c.obj)
 *fill*         0x0000000040375df7        0x0 
 *fill*         0x0000000040375df7        0x0 
 *fill*         0x0000000040375df7        0x0 
 *fill*         0x0000000040375df7        0x0 
 *fill*         0x0000000040375df7        0x0 
 *fill*         0x0000000040375df7        0x0 
 *fill*         0x0000000040375df7        0x0 
 *fill*         0x0000000040375df7        0x1 
 .iram1.6       0x0000000040375df8       0x46 libzephyr.a(bootloader_flash.c.obj)
 *fill*         0x0000000040375e3e        0x0 
 *fill*         0x0000000040375e3e        0x0 
 *fill*         0x0000000040375e3e        0x0 
 *fill*         0x0000000040375e3e        0x0 
 *fill*         0x0000000040375e3e        0x0 
 *fill*         0x0000000040375e3e        0x0 
 *fill*         0x0000000040375e3e        0x0 
 *fill*         0x0000000040375e3e        0x0 
 *fill*         0x0000000040375e3e        0x0 
 *fill*         0x0000000040375e3e        0x0 
 *fill*         0x0000000040375e3e        0x0 
 *fill*         0x0000000040375e3e        0x0 
 *fill*         0x0000000040375e3e        0x0 
 *fill*         0x0000000040375e3e        0x0 
 *fill*         0x0000000040375e3e        0x0 
 *fill*         0x0000000040375e3e        0x0 
 *fill*         0x0000000040375e3e        0x0 
 *fill*         0x0000000040375e3e        0x0 
 *fill*         0x0000000040375e3e        0x0 
 *fill*         0x0000000040375e3e        0x0 
 *fill*         0x0000000040375e3e        0x0 
 *(SORT_BY_ALIGNMENT(.iram0.literal) SORT_BY_ALIGNMENT(.iram.literal) SORT_BY_ALIGNMENT(.iram.text.literal) SORT_BY_ALIGNMENT(.iram0.text) SORT_BY_ALIGNMENT(.iram.text))
 *fill*         0x0000000040375e3e        0x2 
 .iram0.text    0x0000000040375e40       0x2d arch/arch/xtensa/core/libarch__xtensa__core.a(xtensa_asm2_util.S.obj)
                0x0000000040375e40                _Level1Vector
 *fill*         0x0000000040375e6d        0x0 
 *libarch__xtensa__core.a:(SORT_BY_ALIGNMENT(.literal) SORT_BY_ALIGNMENT(.text) SORT_BY_ALIGNMENT(.literal.*) SORT_BY_ALIGNMENT(.text.*))
 *fill*         0x0000000040375e6d        0x3 
 .text.arch_cpu_idle
                0x0000000040375e70        0xe arch/arch/xtensa/core/libarch__xtensa__core.a(cpu_idle.c.obj)
                0x0000000040375e70                arch_cpu_idle
 *fill*         0x0000000040375e7e        0x2 
 .text.xtensa_fatal_error
                0x0000000040375e80       0x1e arch/arch/xtensa/core/libarch__xtensa__core.a(fatal.c.obj)
                                         0x22 (size before relaxing)
                0x0000000040375e80                xtensa_fatal_error
 *fill*         0x0000000040375e9e        0x2 
 .text          0x0000000040375ea0      0x21c arch/arch/xtensa/core/libarch__xtensa__core.a(xtensa_asm2_util.S.obj)
                0x0000000040375ea0                xtensa_spill_reg_windows
                0x0000000040375ec0                xtensa_save_high_regs
                0x0000000040375f08                xtensa_restore_high_regs
                0x0000000040375f3d                _restore_context
                0x0000000040375f74                xtensa_arch_except
                0x0000000040375f77                xtensa_arch_except_epc
                0x0000000040375f7c                xtensa_arch_kernel_oops
                0x0000000040375f7f                xtensa_arch_kernel_oops_epc
                0x0000000040375f84                xtensa_switch
 .text.z_irq_spurious
                0x00000000403760bc       0x12 arch/arch/xtensa/core/libarch__xtensa__core.a(irq_manage.c.obj)
                                         0x16 (size before relaxing)
                0x00000000403760bc                z_irq_spurious
 *fill*         0x00000000403760ce        0x2 
 .text.arch_new_thread
                0x00000000403760d0       0x38 arch/arch/xtensa/core/libarch__xtensa__core.a(thread.c.obj)
                0x00000000403760d0                arch_new_thread
 .text.return_to
                0x0000000040376108       0x14 arch/arch/xtensa/core/libarch__xtensa__core.a(vector_handlers.c.obj)
                                         0x18 (size before relaxing)
 .text.xtensa_is_outside_stack_bounds
                0x000000004037611c       0x3d arch/arch/xtensa/core/libarch__xtensa__core.a(vector_handlers.c.obj)
                0x000000004037611c                xtensa_is_outside_stack_bounds
 *fill*         0x0000000040376159        0x3 
 .text.xtensa_is_frame_pointer_valid
                0x000000004037615c       0x28 arch/arch/xtensa/core/libarch__xtensa__core.a(vector_handlers.c.obj)
                                         0x2c (size before relaxing)
                0x000000004037615c                xtensa_is_frame_pointer_valid
 .text.xtensa_dump_stack
                0x0000000040376184        0xa arch/arch/xtensa/core/libarch__xtensa__core.a(vector_handlers.c.obj)
                                          0xe (size before relaxing)
                0x0000000040376184                xtensa_dump_stack
 *fill*         0x000000004037618e        0x2 
 .text.xtensa_int2_c
                0x0000000040376190       0x5a arch/arch/xtensa/core/libarch__xtensa__core.a(vector_handlers.c.obj)
                0x0000000040376190                xtensa_int2_c
 *fill*         0x00000000403761ea        0x2 
 .text.xtensa_int3_c
                0x00000000403761ec       0x82 arch/arch/xtensa/core/libarch__xtensa__core.a(vector_handlers.c.obj)
                0x00000000403761ec                xtensa_int3_c
 *fill*         0x000000004037626e        0x2 
 .text.xtensa_int4_c
                0x0000000040376270       0x6a arch/arch/xtensa/core/libarch__xtensa__core.a(vector_handlers.c.obj)
                0x0000000040376270                xtensa_int4_c
 *fill*         0x00000000403762da        0x2 
 .text.xtensa_int5_c
                0x00000000403762dc       0x5e arch/arch/xtensa/core/libarch__xtensa__core.a(vector_handlers.c.obj)
                0x00000000403762dc                xtensa_int5_c
 *fill*         0x000000004037633a        0x2 
 .text.xtensa_int6_c
                0x000000004037633c       0x15 arch/arch/xtensa/core/libarch__xtensa__core.a(vector_handlers.c.obj)
                0x000000004037633c                xtensa_int6_c
 *fill*         0x0000000040376351        0x3 
 .text.xtensa_int7_c
                0x0000000040376354       0x36 arch/arch/xtensa/core/libarch__xtensa__core.a(vector_handlers.c.obj)
                0x0000000040376354                xtensa_int7_c
 *fill*         0x000000004037638a        0x2 
 .text.xtensa_excint1_c
                0x000000004037638c      0x1be arch/arch/xtensa/core/libarch__xtensa__core.a(vector_handlers.c.obj)
                                        0x1c6 (size before relaxing)
                0x000000004037638c                xtensa_excint1_c
 *fill*         0x000000004037654a        0x2 
 .text.z_prep_c
                0x000000004037654c       0x10 arch/arch/xtensa/core/libarch__xtensa__core.a(prep_c.c.obj)
                                         0x14 (size before relaxing)
                0x000000004037654c                z_prep_c
 *fill*         0x000000004037655c        0x0 
 *fill*         0x000000004037655c        0x0 
 *fill*         0x000000004037655c        0x0 
 *fill*         0x000000004037655c        0x0 
 *fill*         0x000000004037655c        0x0 
 *fill*         0x000000004037655c        0x0 
 *fill*         0x000000004037655c        0x0 
 *fill*         0x000000004037655c        0x0 
 *fill*         0x000000004037655c        0x0 
 *fill*         0x000000004037655c        0x0 
 *fill*         0x000000004037655c        0x0 
 *fill*         0x000000004037655c        0x0 
 *fill*         0x000000004037655c        0x0 
 *libkernel.a:(SORT_BY_ALIGNMENT(.literal) SORT_BY_ALIGNMENT(.text) SORT_BY_ALIGNMENT(.literal.*) SORT_BY_ALIGNMENT(.text.*))
 .text.k_sys_fatal_error_handler
                0x000000004037655c        0x8 kernel/libkernel.a(fatal.c.obj)
                                          0xc (size before relaxing)
                0x000000004037655c                k_sys_fatal_error_handler
 .text.z_fatal_error
                0x0000000040376564       0x22 kernel/libkernel.a(fatal.c.obj)
                                         0x26 (size before relaxing)
                0x0000000040376564                z_fatal_error
 *fill*         0x0000000040376586        0x2 
 .text.z_sys_init_run_level
                0x0000000040376588       0x30 kernel/libkernel.a(init.c.obj)
 .text.bg_thread_main
                0x00000000403765b8       0xa2 kernel/libkernel.a(init.c.obj)
                                         0xb6 (size before relaxing)
 *fill*         0x000000004037665a        0x2 
 .text.z_early_memset
                0x000000004037665c       0x12 kernel/libkernel.a(init.c.obj)
                0x000000004037665c                z_early_memset
 *fill*         0x000000004037666e        0x2 
 .text.z_bss_zero
                0x0000000040376670       0x13 kernel/libkernel.a(init.c.obj)
                                         0x16 (size before relaxing)
                0x0000000040376670                z_bss_zero
 *fill*         0x0000000040376683        0x1 
 .text.z_init_cpu
                0x0000000040376684       0x5b kernel/libkernel.a(init.c.obj)
                0x0000000040376684                z_init_cpu
 *fill*         0x00000000403766df        0x1 
 .text.z_cstart
                0x00000000403766e0       0x97 kernel/libkernel.a(init.c.obj)
                                         0xbb (size before relaxing)
                0x00000000403766e0                z_cstart
 *fill*         0x0000000040376777        0x1 
 .text.k_heap_init
                0x0000000040376778       0x17 kernel/libkernel.a(kheap.c.obj)
                0x0000000040376778                k_heap_init
 *fill*         0x000000004037678f        0x1 
 .text.statics_init
                0x0000000040376790       0x22 kernel/libkernel.a(kheap.c.obj)
 *fill*         0x00000000403767b2        0x2 
 .text.k_heap_aligned_alloc
                0x00000000403767b4       0x5a kernel/libkernel.a(kheap.c.obj)
                                         0x62 (size before relaxing)
                0x00000000403767b4                k_heap_aligned_alloc
 *fill*         0x000000004037680e        0x2 
 .text.k_heap_free
                0x0000000040376810       0x2c kernel/libkernel.a(kheap.c.obj)
                                         0x30 (size before relaxing)
                0x0000000040376810                k_heap_free
 .text.idle     0x000000004037683c        0xc kernel/libkernel.a(idle.c.obj)
                                          0xf (size before relaxing)
                0x000000004037683c                idle
 *fill*         0x0000000040376848        0x0 
 .text.adjust_owner_prio$isra$0
                0x0000000040376848       0x1c kernel/libkernel.a(mutex.c.obj)
 .text.z_impl_k_mutex_lock
                0x0000000040376864       0xc7 kernel/libkernel.a(mutex.c.obj)
                                         0xcf (size before relaxing)
                0x0000000040376864                z_impl_k_mutex_lock
 *fill*         0x000000004037692b        0x1 
 .text.z_impl_k_mutex_unlock
                0x000000004037692c       0x88 kernel/libkernel.a(mutex.c.obj)
                                         0x98 (size before relaxing)
                0x000000004037692c                z_impl_k_mutex_unlock
 .text.z_impl_k_thread_start
                0x00000000403769b4        0xa kernel/libkernel.a(thread.c.obj)
                                          0xe (size before relaxing)
                0x00000000403769b4                z_impl_k_thread_start
 *fill*         0x00000000403769be        0x2 
 .text.z_setup_new_thread
                0x00000000403769c0       0x5d kernel/libkernel.a(thread.c.obj)
                0x00000000403769c0                z_setup_new_thread
 *fill*         0x0000000040376a1d        0x3 
 .text.unpend_thread_no_timeout
                0x0000000040376a20       0x19 kernel/libkernel.a(sched.c.obj)